// Jest Snapshot v1, https://goo.gl/fbAQLP

exports[`renders correctly 1`] = `
<View
  style={
    Array [
      Object {
        "backgroundColor": "#184E79",
        "display": "flex",
        "flexBasis": 0,
        "flexGrow": 1,
        "flexShrink": 1,
        "justifyContent": "flex-end",
      },
    ]
  }
>
  <View
    accessible={true}
    focusable={false}
    onClick={[Function]}
    onResponderGrant={[Function]}
    onResponderMove={[Function]}
    onResponderRelease={[Function]}
    onResponderTerminate={[Function]}
    onResponderTerminationRequest={[Function]}
    onStartShouldSetResponder={[Function]}
    style={
      Object {
        "alignItems": "center",
        "flexBasis": 0,
        "flexDirection": "row-reverse",
        "flexGrow": 22,
        "flexShrink": 1,
        "marginLeft": 30,
        "opacity": 1,
      }
    }
  >
    <View
      accessible={true}
      focusable={true}
      onClick={[Function]}
      onResponderGrant={[Function]}
      onResponderMove={[Function]}
      onResponderRelease={[Function]}
      onResponderTerminate={[Function]}
      onResponderTerminationRequest={[Function]}
      onStartShouldSetResponder={[Function]}
      style={
        Object {
          "alignItems": "center",
          "backgroundColor": "#ffffff",
          "borderRadius": 1000,
          "height": 58,
          "justifyContent": "center",
          "marginBottom": 30,
          "marginLeft": 40,
          "opacity": 1,
          "width": 58,
        }
      }
    >
      <Image
        source={
          Object {
            "testUri": "../../../src/assets/user_blue.png",
          }
        }
        style={
          Array [
            Object {
              "height": 38,
              "width": 33,
            },
          ]
        }
      />
    </View>
    <View
      style={
        Array [
          Object {
            "marginBottom": 40,
            "marginRight": 35,
          },
        ]
      }
    >
      <Text
        medium={true}
        style={
          Array [
            Object {
              "color": "#ffffff",
              "fontFamily": "Roboto",
              "fontSize": 25,
              "textAlign": "center",
            },
          ]
        }
        white={true}
      />
    </View>
  </View>
  <View
    style={
      Array [
        Object {
          "backgroundColor": "#ffffff",
          "borderTopLeftRadius": 20,
          "borderTopRightRadius": 20,
          "display": "flex",
          "flexBasis": 0,
          "flexGrow": 78,
          "flexShrink": 1,
          "justifyContent": "center",
        },
      ]
    }
  />
</View>
`;
