// Jest Snapshot v1, https://goo.gl/fbAQLP

exports[`Testing ContainerStars component Should render component 1`] = `
<View
  accessible={true}
  focusable={false}
  onClick={[Function]}
  onResponderGrant={[Function]}
  onResponderMove={[Function]}
  onResponderRelease={[Function]}
  onResponderTerminate={[Function]}
  onResponderTerminationRequest={[Function]}
  onStartShouldSetResponder={[Function]}
  style={
    Object {
      "alignItems": "center",
      "backgroundColor": "#D9D9D9",
      "borderRadius": 10,
      "height": 95,
      "marginBottom": 20,
      "marginRight": 20,
      "opacity": 1,
      "width": 95,
    }
  }
>
  <Image
    style={
      Array [
        Object {
          "height": 48,
          "marginTop": 6,
          "width": 40,
        },
      ]
    }
  />
  <View
    style={
      Array [
        Object {
          "fontSize": 12,
          "paddingTop": 3,
        },
      ]
    }
  >
    <Text
      black={true}
      smaller={true}
      style={
        Array [
          Object {
            "color": "black",
            "fontFamily": "Roboto",
            "fontSize": 12,
            "textAlign": "center",
          },
        ]
      }
    >
      name
    </Text>
  </View>
</View>
`;
