// Jest Snapshot v1, https://goo.gl/fbAQLP

exports[`Testing SwitchSpecial component SwitchSpecial should be render 1`] = `
<View
  style={
    Array [
      Object {
        "alignItems": "center",
        "backgroundColor": "#184E79",
        "borderRadius": 10,
        "flexDirection": "row",
        "height": 45,
        "justifyContent": "center",
        "marginTop": "5%",
        "width": 280,
      },
    ]
  }
>
  <View
    size={
      Object {
        "left": "10%",
        "right": "5%",
      }
    }
    style={
      Array [
        Object {
          "alignItems": "center",
          "flexBasis": 0,
          "flexGrow": 1,
          "flexShrink": 1,
          "justifyContent": "center",
          "paddingLeft": "10%",
          "paddingRight": "5%",
        },
      ]
    }
  >
    <Text
      smaller={true}
      style={
        Array [
          Object {
            "color": "#ffffff",
            "fontFamily": "Roboto",
            "fontSize": 12,
            "textAlign": "center",
          },
        ]
      }
      white={true}
    />
  </View>
  <View
    size={
      Object {
        "left": "0%",
        "right": "10%",
      }
    }
    style={
      Array [
        Object {
          "alignItems": "center",
          "flexBasis": 0,
          "flexGrow": 1,
          "flexShrink": 1,
          "justifyContent": "center",
          "paddingLeft": "0%",
          "paddingRight": "10%",
        },
      ]
    }
  >
    <View
      style={
        Array [
          Object {
            "flexDirection": "row",
          },
          Object {
            "borderColor": "white",
            "borderRadius": 5,
            "borderWidth": 1,
          },
        ]
      }
    >
      <View
        onMoveShouldSetResponder={[Function]}
        onMoveShouldSetResponderCapture={[Function]}
        onResponderEnd={[Function]}
        onResponderGrant={[Function]}
        onResponderMove={[Function]}
        onResponderReject={[Function]}
        onResponderRelease={[Function]}
        onResponderStart={[Function]}
        onResponderTerminate={[Function]}
        onResponderTerminationRequest={[Function]}
        onStartShouldSetResponder={[Function]}
        onStartShouldSetResponderCapture={[Function]}
        style={
          Object {
            "flex": 1,
          }
        }
      >
        <View
          onLayout={[Function]}
          style={
            Object {
              "backgroundColor": "#184E79",
              "borderRadius": 5,
              "height": 22,
            }
          }
        >
          <View
            style={
              Object {
                "alignItems": "center",
                "borderColor": "#ffffff",
                "borderRadius": 5,
                "borderWidth": 0,
                "flex": 1,
                "flexDirection": "row",
              }
            }
          >
            <View
              accessible={true}
              focusable={true}
              onClick={[Function]}
              onResponderGrant={[Function]}
              onResponderMove={[Function]}
              onResponderRelease={[Function]}
              onResponderTerminate={[Function]}
              onResponderTerminationRequest={[Function]}
              onStartShouldSetResponder={[Function]}
              style={
                Object {
                  "alignItems": "center",
                  "flex": 1,
                  "flexDirection": "row",
                  "justifyContent": "center",
                  "opacity": 1,
                }
              }
            >
              <Text
                style={
                  Array [
                    Object {
                      "backgroundColor": "transparent",
                      "color": "black",
                      "fontSize": 12,
                      "fontWeight": "normal",
                      "textAlign": "center",
                    },
                    Object {},
                  ]
                }
              >
                NÃ£o
              </Text>
            </View>
            <View
              accessible={true}
              focusable={true}
              onClick={[Function]}
              onResponderGrant={[Function]}
              onResponderMove={[Function]}
              onResponderRelease={[Function]}
              onResponderTerminate={[Function]}
              onResponderTerminationRequest={[Function]}
              onStartShouldSetResponder={[Function]}
              style={
                Object {
                  "alignItems": "center",
                  "flex": 1,
                  "flexDirection": "row",
                  "justifyContent": "center",
                  "opacity": 1,
                }
              }
            >
              <Text
                style={
                  Array [
                    Object {
                      "backgroundColor": "transparent",
                      "color": "#184E79",
                      "fontSize": 12,
                      "fontWeight": "normal",
                      "textAlign": "center",
                    },
                    Object {},
                  ]
                }
              >
                Sim
              </Text>
            </View>
          </View>
        </View>
      </View>
    </View>
  </View>
</View>
`;
