// Jest Snapshot v1, https://goo.gl/fbAQLP

exports[`Test for TextCard component should render component 1`] = `[Function]`;
