// Jest Snapshot v1, https://goo.gl/fbAQLP

exports[`Testing FeedbackTeacher Should renders page 1`] = `
<View
  style={
    Array [
      Object {
        "alignItems": "center",
        "backgroundColor": "#184E79",
        "flexBasis": 0,
        "flexGrow": 1,
        "flexShrink": 1,
        "justifyContent": "center",
      },
    ]
  }
  testID="background"
>
  <View
    style={
      Array [
        Object {
          "alignItems": "center",
          "backgroundColor": "#184E79",
          "flexBasis": 0,
          "flexGrow": 0.7,
          "flexShrink": 1,
          "justifyContent": "center",
          "width": "100%",
        },
      ]
    }
  >
    <View
      style={
        Array [
          Object {
            "alignItems": "center",
            "marginBottom": "8.4%",
          },
        ]
      }
    >
      <Image
        source={
          Object {
            "testUri": "../../../src/assets/logo.png",
          }
        }
        style={
          Array [
            Object {
              "height": 120,
              "width": 120,
            },
          ]
        }
      />
      <View
        style={
          Array [
            Object {
              "alignItems": "center",
              "backgroundColor": "#ffffff",
              "borderRadius": 100,
              "height": 58,
              "justifyContent": "center",
              "marginTop": "5.5%",
              "width": 58,
            },
          ]
        }
      >
        <Image
          source={
            Object {
              "testUri": "../../../src/assets/user_blue.png",
            }
          }
          style={
            Array [
              Object {
                "height": "63%",
                "width": "52%",
              },
            ]
          }
        />
      </View>
      <View
        style={
          Array [
            Object {
              "flexBasis": 0,
              "flexGrow": 0.8,
              "flexShrink": 1,
              "justifyContent": "center",
              "marginTop": "5%",
              "paddingTop": "1%",
            },
          ]
        }
      >
        <View
          marginTop={
            Object {
              "value": "2%",
            }
          }
          style={
            Array [
              Object {
                "marginBottom": 0,
                "marginTop": "2%",
              },
            ]
          }
        >
          <Text
            bigMedium={true}
            style={
              Array [
                Object {
                  "color": "#ffffff",
                  "fontFamily": "Roboto",
                  "fontSize": 30,
                  "textAlign": "center",
                },
              ]
            }
            white={true}
          />
        </View>
        <View
          marginTop={
            Object {
              "value": "-1%",
            }
          }
          style={
            Array [
              Object {
                "marginBottom": 0,
                "marginTop": "-1%",
              },
            ]
          }
        >
          <Text
            smallMedium={true}
            style={
              Array [
                Object {
                  "color": "#ffffff",
                  "fontFamily": "Roboto",
                  "fontSize": 20,
                  "textAlign": "center",
                },
              ]
            }
            white={true}
          />
        </View>
      </View>
    </View>
  </View>
  <View
    style={
      Array [
        Object {
          "alignItems": "center",
          "backgroundColor": "#ffffff",
          "borderTopLeftRadius": 20,
          "borderTopRightRadius": 20,
          "flexBasis": 0,
          "flexGrow": 1,
          "flexShrink": 1,
          "justifyContent": "center",
          "width": "100%",
        },
      ]
    }
  >
    <View
      style={
        Array [
          Object {
            "alignItems": "center",
            "flexBasis": 0,
            "flexGrow": 1,
            "flexShrink": 1,
            "justifyContent": "center",
            "width": "100%",
          },
        ]
      }
    >
      <View
        marginBot={
          Object {
            "value": "-2%",
          }
        }
        marginTop={
          Object {
            "value": "2%",
          }
        }
        style={
          Array [
            Object {
              "marginBottom": "-2%",
              "marginTop": "2%",
            },
          ]
        }
      >
        <Text
          black={true}
          medium={true}
          style={
            Array [
              Object {
                "color": "black",
                "fontFamily": "Roboto",
                "fontSize": 25,
                "textAlign": "center",
              },
            ]
          }
        >
          Denuncia
        </Text>
      </View>
      <View
        style={
          Array [
            Object {
              "alignItems": "center",
              "flexBasis": 0,
              "flexGrow": 3,
              "flexShrink": 1,
              "justifyContent": "center",
            },
          ]
        }
      >
        <TextInput
          allowFontScaling={true}
          multiline={true}
          onChangeText={[Function]}
          placeholder="insira um comentÃ¡rio"
          placeholderTextColor="#F6F6F6"
          rejectResponderTermination={true}
          style={
            Array [
              Object {
                "alignItems": "center",
                "backgroundColor": "#E46270",
                "borderRadius": 20,
                "color": "#ffffff",
                "fontSize": 20,
                "height": 224,
                "justifyContent": "center",
                "width": 360,
              },
            ]
          }
          textAlign="center"
          underlineColorAndroid="transparent"
        />
      </View>
      <View
        style={
          Array [
            Object {
              "alignItems": "center",
              "flexBasis": 0,
              "flexGrow": 1,
              "flexShrink": 1,
              "justifyContent": "center",
            },
          ]
        }
      >
        <View
          accessible={true}
          focusable={true}
          onClick={[Function]}
          onResponderGrant={[Function]}
          onResponderMove={[Function]}
          onResponderRelease={[Function]}
          onResponderTerminate={[Function]}
          onResponderTerminationRequest={[Function]}
          onStartShouldSetResponder={[Function]}
          style={
            Object {
              "alignItems": "center",
              "backgroundColor": "#E46270",
              "borderRadius": 10,
              "height": 61,
              "justifyContent": "center",
              "opacity": 1,
              "width": 178,
            }
          }
          testID="SendComplain"
        >
          <Text
            smallMedium={true}
            style={
              Array [
                Object {
                  "color": "#ffffff",
                  "fontFamily": "Roboto",
                  "fontSize": 20,
                  "textAlign": "center",
                },
              ]
            }
            white={true}
          >
            Enviar denuncia
          </Text>
        </View>
      </View>
    </View>
  </View>
</View>
`;
