// Jest Snapshot v1, https://goo.gl/fbAQLP

exports[`Testing HomeAdm Page Should renders page 1`] = `
<View
  style={
    Array [
      Object {
        "backgroundColor": "#184E79",
        "display": "flex",
        "flexBasis": 0,
        "flexGrow": 1,
        "flexShrink": 1,
        "justifyContent": "flex-end",
      },
    ]
  }
>
  <View
    style={
      Array [
        Object {
          "alignItems": "center",
          "flexBasis": 0,
          "flexDirection": "row-reverse",
          "flexGrow": 10,
          "flexShrink": 1,
          "marginLeft": 30,
        },
      ]
    }
  />
  <View
    style={
      Array [
        Object {
          "backgroundColor": "#ffffff",
          "borderTopLeftRadius": 20,
          "borderTopRightRadius": 20,
          "display": "flex",
          "flexBasis": 0,
          "flexGrow": 78,
          "flexShrink": 1,
          "justifyContent": "center",
        },
      ]
    }
  >
    <RCTScrollView
      data={
        Array [
          Object {
            "id": "101",
            "img": Object {
              "testUri": "../../../src/assets/books.png",
            },
            "name": "Professores Pendentes",
          },
          Object {
            "id": "171",
            "img": Object {
              "testUri": "../../../src/assets/books.png",
            },
            "name": "Usuários Reportados",
          },
        ]
      }
      disableVirtualization={false}
      getItem={[Function]}
      getItemCount={[Function]}
      horizontal={true}
      initialNumToRender={10}
      keyExtractor={[Function]}
      maxToRenderPerBatch={10}
      onContentSizeChange={[Function]}
      onEndReachedThreshold={2}
      onLayout={[Function]}
      onMomentumScrollEnd={[Function]}
      onScroll={[Function]}
      onScrollBeginDrag={[Function]}
      onScrollEndDrag={[Function]}
      removeClippedSubviews={false}
      renderItem={[Function]}
      scrollEventThrottle={50}
      stickyHeaderIndices={Array []}
      style={
        Array [
          Object {
            "alignSelf": "center",
            "flexDirection": "row",
            "paddingBottom": "120%",
            "position": "absolute",
          },
        ]
      }
      updateCellsBatchingPeriod={50}
      viewabilityConfigCallbackPairs={Array []}
      windowSize={21}
    >
      <View>
        <View
          onLayout={[Function]}
          style={
            Array [
              Object {
                "flexDirection": "row",
              },
              null,
            ]
          }
        >
          <View
            accessible={true}
            focusable={true}
            onClick={[Function]}
            onResponderGrant={[Function]}
            onResponderMove={[Function]}
            onResponderRelease={[Function]}
            onResponderTerminate={[Function]}
            onResponderTerminationRequest={[Function]}
            onStartShouldSetResponder={[Function]}
            style={
              Object {
                "alignItems": "center",
                "backgroundColor": "#D9D9D9",
                "borderRadius": 10,
                "height": 95,
                "marginBottom": 20,
                "marginRight": 20,
                "opacity": 1,
                "width": 95,
              }
            }
            testID="SquareButton"
          >
            <Image
              style={
                Array [
                  Object {
                    "height": 50,
                    "marginTop": 8,
                    "width": 60,
                  },
                ]
              }
            />
            <View
              style={
                Array [
                  Object {
                    "paddingTop": 10,
                  },
                ]
              }
            >
              <Text
                black={true}
                smaller={true}
                style={
                  Array [
                    Object {
                      "color": "black",
                      "fontFamily": "Roboto",
                      "fontSize": 12,
                      "textAlign": "center",
                    },
                  ]
                }
              >
                Professores Pendentes
              </Text>
            </View>
          </View>
        </View>
        <View
          onLayout={[Function]}
          style={
            Array [
              Object {
                "flexDirection": "row",
              },
              null,
            ]
          }
        >
          <View
            accessible={true}
            focusable={true}
            onClick={[Function]}
            onResponderGrant={[Function]}
            onResponderMove={[Function]}
            onResponderRelease={[Function]}
            onResponderTerminate={[Function]}
            onResponderTerminationRequest={[Function]}
            onStartShouldSetResponder={[Function]}
            style={
              Object {
                "alignItems": "center",
                "backgroundColor": "#D9D9D9",
                "borderRadius": 10,
                "height": 95,
                "marginBottom": 20,
                "marginRight": 20,
                "opacity": 1,
                "width": 95,
              }
            }
            testID="SquareButton"
          >
            <Image
              style={
                Array [
                  Object {
                    "height": 50,
                    "marginTop": 8,
                    "width": 60,
                  },
                ]
              }
            />
            <View
              style={
                Array [
                  Object {
                    "paddingTop": 10,
                  },
                ]
              }
            >
              <Text
                black={true}
                smaller={true}
                style={
                  Array [
                    Object {
                      "color": "black",
                      "fontFamily": "Roboto",
                      "fontSize": 12,
                      "textAlign": "center",
                    },
                  ]
                }
              >
                Usuários Reportados
              </Text>
            </View>
          </View>
        </View>
      </View>
    </RCTScrollView>
    <View
      style={
        Array [
          Object {
            "alignItems": "center",
            "flexBasis": 0,
            "flexDirection": "column-reverse",
            "flexGrow": 1,
            "flexShrink": 1,
            "marginBottom": "10%",
          },
        ]
      }
    >
      <View
        accessible={true}
        focusable={true}
        onClick={[Function]}
        onResponderGrant={[Function]}
        onResponderMove={[Function]}
        onResponderRelease={[Function]}
        onResponderTerminate={[Function]}
        onResponderTerminationRequest={[Function]}
        onStartShouldSetResponder={[Function]}
        style={
          Object {
            "backgroundColor": "#E46270",
            "borderRadius": 10,
            "height": 30,
            "justifyContent": "center",
            "opacity": 1,
            "width": "80%",
          }
        }
        testID="signout"
      >
        <Text
          bigSmall={true}
          style={
            Array [
              Object {
                "color": "#ffffff",
                "fontFamily": "Roboto",
                "fontSize": 16,
                "textAlign": "center",
              },
            ]
          }
          white={true}
        >
          Sair
        </Text>
      </View>
    </View>
  </View>
</View>
`;
