// Jest Snapshot v1, https://goo.gl/fbAQLP

exports[`Testing HomeProf page Should renders page 1`] = `
<View
  style={
    Array [
      Object {
        "backgroundColor": "#184E79",
        "display": "flex",
        "flexBasis": 0,
        "flexGrow": 1,
        "flexShrink": 1,
        "justifyContent": "flex-end",
      },
    ]
  }
>
  <View
    accessible={true}
    focusable={false}
    onClick={[Function]}
    onResponderGrant={[Function]}
    onResponderMove={[Function]}
    onResponderRelease={[Function]}
    onResponderTerminate={[Function]}
    onResponderTerminationRequest={[Function]}
    onStartShouldSetResponder={[Function]}
    style={
      Object {
        "alignItems": "center",
        "flexBasis": 0,
        "flexDirection": "row-reverse",
        "flexGrow": 22,
        "flexShrink": 1,
        "marginLeft": 30,
        "opacity": 1,
      }
    }
  >
    <View
      accessible={true}
      focusable={true}
      onClick={[Function]}
      onResponderGrant={[Function]}
      onResponderMove={[Function]}
      onResponderRelease={[Function]}
      onResponderTerminate={[Function]}
      onResponderTerminationRequest={[Function]}
      onStartShouldSetResponder={[Function]}
      style={
        Object {
          "alignItems": "center",
          "backgroundColor": "#ffffff",
          "borderRadius": 1000,
          "height": 58,
          "justifyContent": "center",
          "marginBottom": 30,
          "marginLeft": 40,
          "opacity": 1,
          "width": 58,
        }
      }
      testID="userAvatar"
    >
      <Image
        source={
          Object {
            "testUri": "../../../src/assets/user_blue.png",
          }
        }
        style={
          Array [
            Object {
              "height": 38,
              "width": 33,
            },
          ]
        }
      />
    </View>
    <View
      style={
        Array [
          Object {
            "marginBottom": 40,
            "marginRight": 35,
          },
        ]
      }
    >
      <Text
        medium={true}
        style={
          Array [
            Object {
              "color": "#ffffff",
              "fontFamily": "Roboto",
              "fontSize": 25,
              "textAlign": "center",
            },
          ]
        }
        white={true}
      />
    </View>
  </View>
  <View
    style={
      Array [
        Object {
          "backgroundColor": "#ffffff",
          "borderTopLeftRadius": 20,
          "borderTopRightRadius": 20,
          "display": "flex",
          "flexBasis": 0,
          "flexGrow": 78,
          "flexShrink": 1,
          "justifyContent": "center",
        },
      ]
    }
  >
    <RCTScrollView
      data={
        Array [
          Object {
            "id": "101",
            "img": Object {
              "testUri": "../../../src/assets/books.png",
            },
            "name": "Aulas Marcadas",
          },
          Object {
            "id": "102",
            "img": Object {
              "testUri": "../../../src/assets/books.png",
            },
            "name": "Aulas Pendentes",
          },
          Object {
            "id": "103",
            "img": Object {
              "testUri": "../../../src/assets/books.png",
            },
            "name": "Aulas Realizadas",
          },
        ]
      }
      disableVirtualization={false}
      getItem={[Function]}
      getItemCount={[Function]}
      horizontal={true}
      initialNumToRender={10}
      keyExtractor={[Function]}
      maxToRenderPerBatch={10}
      onContentSizeChange={[Function]}
      onEndReachedThreshold={2}
      onLayout={[Function]}
      onMomentumScrollEnd={[Function]}
      onScroll={[Function]}
      onScrollBeginDrag={[Function]}
      onScrollEndDrag={[Function]}
      removeClippedSubviews={false}
      renderItem={[Function]}
      scrollEventThrottle={50}
      stickyHeaderIndices={Array []}
      style={
        Array [
          Object {
            "alignSelf": "center",
            "flexDirection": "row",
            "paddingBottom": "120%",
            "position": "absolute",
          },
        ]
      }
      updateCellsBatchingPeriod={50}
      viewabilityConfigCallbackPairs={Array []}
      windowSize={21}
    >
      <View>
        <View
          onLayout={[Function]}
          style={
            Array [
              Object {
                "flexDirection": "row",
              },
              null,
            ]
          }
        >
          <View
            accessible={true}
            focusable={true}
            onClick={[Function]}
            onResponderGrant={[Function]}
            onResponderMove={[Function]}
            onResponderRelease={[Function]}
            onResponderTerminate={[Function]}
            onResponderTerminationRequest={[Function]}
            onStartShouldSetResponder={[Function]}
            style={
              Object {
                "alignItems": "center",
                "backgroundColor": "#D9D9D9",
                "borderRadius": 10,
                "height": 95,
                "marginBottom": 20,
                "marginRight": 20,
                "opacity": 1,
                "width": 95,
              }
            }
            testID="SquareButton"
          >
            <Image
              style={
                Array [
                  Object {
                    "height": 50,
                    "marginTop": 8,
                    "width": 60,
                  },
                ]
              }
            />
            <View
              style={
                Array [
                  Object {
                    "paddingTop": 10,
                  },
                ]
              }
            >
              <Text
                black={true}
                smaller={true}
                style={
                  Array [
                    Object {
                      "color": "black",
                      "fontFamily": "Roboto",
                      "fontSize": 12,
                      "textAlign": "center",
                    },
                  ]
                }
              >
                Aulas Marcadas
              </Text>
            </View>
          </View>
        </View>
        <View
          onLayout={[Function]}
          style={
            Array [
              Object {
                "flexDirection": "row",
              },
              null,
            ]
          }
        >
          <View
            accessible={true}
            focusable={true}
            onClick={[Function]}
            onResponderGrant={[Function]}
            onResponderMove={[Function]}
            onResponderRelease={[Function]}
            onResponderTerminate={[Function]}
            onResponderTerminationRequest={[Function]}
            onStartShouldSetResponder={[Function]}
            style={
              Object {
                "alignItems": "center",
                "backgroundColor": "#D9D9D9",
                "borderRadius": 10,
                "height": 95,
                "marginBottom": 20,
                "marginRight": 20,
                "opacity": 1,
                "width": 95,
              }
            }
            testID="SquareButton"
          >
            <Image
              style={
                Array [
                  Object {
                    "height": 50,
                    "marginTop": 8,
                    "width": 60,
                  },
                ]
              }
            />
            <View
              style={
                Array [
                  Object {
                    "paddingTop": 10,
                  },
                ]
              }
            >
              <Text
                black={true}
                smaller={true}
                style={
                  Array [
                    Object {
                      "color": "black",
                      "fontFamily": "Roboto",
                      "fontSize": 12,
                      "textAlign": "center",
                    },
                  ]
                }
              >
                Aulas Pendentes
              </Text>
            </View>
          </View>
        </View>
        <View
          onLayout={[Function]}
          style={
            Array [
              Object {
                "flexDirection": "row",
              },
              null,
            ]
          }
        >
          <View
            accessible={true}
            focusable={true}
            onClick={[Function]}
            onResponderGrant={[Function]}
            onResponderMove={[Function]}
            onResponderRelease={[Function]}
            onResponderTerminate={[Function]}
            onResponderTerminationRequest={[Function]}
            onStartShouldSetResponder={[Function]}
            style={
              Object {
                "alignItems": "center",
                "backgroundColor": "#D9D9D9",
                "borderRadius": 10,
                "height": 95,
                "marginBottom": 20,
                "marginRight": 20,
                "opacity": 1,
                "width": 95,
              }
            }
            testID="SquareButton"
          >
            <Image
              style={
                Array [
                  Object {
                    "height": 50,
                    "marginTop": 8,
                    "width": 60,
                  },
                ]
              }
            />
            <View
              style={
                Array [
                  Object {
                    "paddingTop": 10,
                  },
                ]
              }
            >
              <Text
                black={true}
                smaller={true}
                style={
                  Array [
                    Object {
                      "color": "black",
                      "fontFamily": "Roboto",
                      "fontSize": 12,
                      "textAlign": "center",
                    },
                  ]
                }
              >
                Aulas Realizadas
              </Text>
            </View>
          </View>
        </View>
      </View>
    </RCTScrollView>
    <View
      accessible={true}
      focusable={true}
      onClick={[Function]}
      onResponderGrant={[Function]}
      onResponderMove={[Function]}
      onResponderRelease={[Function]}
      onResponderTerminate={[Function]}
      onResponderTerminationRequest={[Function]}
      onStartShouldSetResponder={[Function]}
      style={
        Object {
          "alignSelf": "center",
          "backgroundColor": "#E46270",
          "borderRadius": 20,
          "height": "33%",
          "marginBottom": "45%",
          "marginTop": "15%",
          "opacity": 1,
          "width": "78%",
        }
      }
      testID="button"
    >
      <View
        style={
          Array [
            Object {
              "flexDirection": "row",
              "paddingBottom": "4%",
              "paddingLeft": "6%",
              "paddingTop": "4%",
            },
          ]
        }
      >
        <Image
          source={
            Object {
              "testUri": "../../../src/assets/books.png",
            }
          }
          style={
            Array [
              Object {
                "height": 30,
                "marginRight": "3%",
                "width": 36,
              },
            ]
          }
        />
        <Text
          bigSmall={true}
          style={
            Array [
              Object {
                "color": "#ffffff",
                "fontFamily": "Roboto",
                "fontSize": 16,
                "textAlign": "center",
              },
            ]
          }
          white={true}
        >
          Proxima Aula
        </Text>
      </View>
      <View
        style={
          Array [
            Object {
              "paddingBottom": "3%",
              "paddingLeft": "7%",
            },
          ]
        }
      >
        <Text
          big={true}
          style={
            Array [
              Object {
                "color": "#ffffff",
                "fontFamily": "Roboto",
                "fontSize": 45,
                "textAlign": "center",
              },
            ]
          }
          white={true}
        >
          12 Jun
        </Text>
      </View>
      <View
        style={
          Array [
            Object {
              "flexDirection": "row",
              "paddingBottom": "4%",
              "paddingLeft": "6%",
              "paddingTop": "4%",
            },
          ]
        }
      >
        <Text
          bigSmall={true}
          style={
            Array [
              Object {
                "color": "#ffffff",
                "fontFamily": "Roboto",
                "fontSize": 16,
                "textAlign": "center",
              },
            ]
          }
          white={true}
        >
          16 - 18 Horas
           
        </Text>
        <Text
          bigSmall={true}
          style={
            Array [
              Object {
                "color": "#596C7C",
                "fontFamily": "Roboto",
                "fontSize": 16,
                "textAlign": "center",
              },
            ]
          }
        >
           
          Matemática
        </Text>
      </View>
    </View>
  </View>
</View>
`;
