// Jest Snapshot v1, https://goo.gl/fbAQLP

exports[`Testing Pending Class Page Should renders page 1`] = `
Array [
  <View
    style={
      Array [
        Object {
          "backgroundColor": "#184E79",
          "display": "flex",
          "flexBasis": 0,
          "flexGrow": 1,
          "flexShrink": 1,
          "justifyContent": "flex-end",
        },
      ]
    }
  >
    <View
      accessible={true}
      focusable={false}
      onClick={[Function]}
      onResponderGrant={[Function]}
      onResponderMove={[Function]}
      onResponderRelease={[Function]}
      onResponderTerminate={[Function]}
      onResponderTerminationRequest={[Function]}
      onStartShouldSetResponder={[Function]}
      style={
        Object {
          "alignItems": "center",
          "flexBasis": 0,
          "flexDirection": "row-reverse",
          "flexGrow": 22,
          "flexShrink": 1,
          "marginLeft": 30,
          "opacity": 1,
        }
      }
    >
      <View
        accessible={true}
        focusable={true}
        onClick={[Function]}
        onResponderGrant={[Function]}
        onResponderMove={[Function]}
        onResponderRelease={[Function]}
        onResponderTerminate={[Function]}
        onResponderTerminationRequest={[Function]}
        onStartShouldSetResponder={[Function]}
        style={
          Object {
            "alignItems": "center",
            "backgroundColor": "#ffffff",
            "borderRadius": 1000,
            "height": 58,
            "justifyContent": "center",
            "marginBottom": 30,
            "marginLeft": 40,
            "opacity": 1,
            "width": 58,
          }
        }
        testID="userAvatar"
      >
        <Image
          source={
            Object {
              "testUri": "../../../src/assets/user_blue.png",
            }
          }
          style={
            Array [
              Object {
                "height": 38,
                "width": 33,
              },
            ]
          }
        />
      </View>
      <View
        style={
          Array [
            Object {
              "marginBottom": 40,
              "marginRight": 35,
            },
          ]
        }
      >
        <Text
          medium={true}
          style={
            Array [
              Object {
                "color": "#ffffff",
                "fontFamily": "Roboto",
                "fontSize": 25,
                "textAlign": "center",
              },
            ]
          }
          white={true}
        />
      </View>
    </View>
    <View
      style={
        Array [
          Object {
            "backgroundColor": "#ffffff",
            "borderTopLeftRadius": 20,
            "borderTopRightRadius": 20,
            "display": "flex",
            "flexBasis": 0,
            "flexGrow": 78,
            "flexShrink": 1,
            "justifyContent": "center",
          },
        ]
      }
    >
      <RCTScrollView
        data={
          Array [
            Object {
              "cep": "",
              "details": "",
              "dtclass": "",
              "duration": "",
              "grade": "",
              "id": "",
              "student": "",
            },
          ]
        }
        disableVirtualization={false}
        getItem={[Function]}
        getItemCount={[Function]}
        horizontal={false}
        initialNumToRender={10}
        keyExtractor={[Function]}
        maxToRenderPerBatch={10}
        onContentSizeChange={[Function]}
        onEndReachedThreshold={2}
        onLayout={[Function]}
        onMomentumScrollEnd={[Function]}
        onScroll={[Function]}
        onScrollBeginDrag={[Function]}
        onScrollEndDrag={[Function]}
        removeClippedSubviews={false}
        renderItem={[Function]}
        scrollEventThrottle={50}
        stickyHeaderIndices={Array []}
        style={
          Array [
            Object {
              "alignSelf": "center",
              "paddingBottom": "25%",
              "position": "absolute",
            },
          ]
        }
        updateCellsBatchingPeriod={50}
        viewabilityConfigCallbackPairs={Array []}
        windowSize={21}
      >
        <View>
          <View
            onLayout={[Function]}
            style={null}
          >
            <View
              style={
                Object {
                  "flexDirection": "row",
                }
              }
            >
              <View
                style={
                  Array [
                    Object {
                      "backgroundColor": "#D9D9D9",
                      "borderRadius": 10,
                      "height": 150,
                      "marginBottom": 20,
                      "marginRight": 20,
                      "paddingBottom": "3%",
                      "paddingLeft": "3%",
                      "paddingRight": "3%",
                      "paddingTop": "3%",
                      "width": 144,
                    },
                  ]
                }
              >
                <View
                  style={
                    Array [
                      Object {
                        "justifyContent": "flex-start",
                        "marginBottom": 10,
                      },
                    ]
                  }
                >
                  <Text
                    black={true}
                    smaller={true}
                    style={
                      Array [
                        Object {
                          "color": "black",
                          "fontFamily": "Roboto",
                          "fontSize": 12,
                          "textAlign": "center",
                        },
                      ]
                    }
                  >
                    Horario: 
                    
                  </Text>
                  <Text
                    black={true}
                    smaller={true}
                    style={
                      Array [
                        Object {
                          "color": "black",
                          "fontFamily": "Roboto",
                          "fontSize": 12,
                          "textAlign": "center",
                        },
                      ]
                    }
                  >
                    Distancia: 
                    
                  </Text>
                  <Text
                    black={true}
                    smaller={true}
                    style={
                      Array [
                        Object {
                          "color": "black",
                          "fontFamily": "Roboto",
                          "fontSize": 12,
                          "textAlign": "center",
                        },
                      ]
                    }
                  >
                    Duração: 
                    
                  </Text>
                  <Text
                    black={true}
                    smaller={true}
                    style={
                      Array [
                        Object {
                          "color": "black",
                          "fontFamily": "Roboto",
                          "fontSize": 12,
                          "textAlign": "center",
                        },
                      ]
                    }
                  >
                    Serie: 
                    
                  </Text>
                  <Text
                    black={true}
                    smaller={true}
                    style={
                      Array [
                        Object {
                          "color": "black",
                          "fontFamily": "Roboto",
                          "fontSize": 12,
                          "textAlign": "center",
                        },
                      ]
                    }
                  >
                    Conteudo: 
                    
                  </Text>
                </View>
                <View
                  style={
                    Array [
                      Object {
                        "alignSelf": "center",
                        "flexDirection": "row",
                        "height": 35,
                        "justifyContent": "space-around",
                        "width": 95,
                      },
                    ]
                  }
                >
                  <View
                    accessible={true}
                    focusable={true}
                    onClick={[Function]}
                    onResponderGrant={[Function]}
                    onResponderMove={[Function]}
                    onResponderRelease={[Function]}
                    onResponderTerminate={[Function]}
                    onResponderTerminationRequest={[Function]}
                    onStartShouldSetResponder={[Function]}
                    style={
                      Object {
                        "alignItems": "center",
                        "backgroundColor": "#184E79",
                        "borderRadius": 8,
                        "height": 30,
                        "justifyContent": "center",
                        "opacity": 1,
                        "width": 100,
                      }
                    }
                    testID="VerMais"
                  >
                    <Text
                      bigSmall={true}
                      style={
                        Array [
                          Object {
                            "color": "#ffffff",
                            "fontFamily": "Roboto",
                            "fontSize": 16,
                            "textAlign": "center",
                          },
                        ]
                      }
                      white={true}
                    >
                      Ver mais
                    </Text>
                  </View>
                </View>
              </View>
            </View>
          </View>
        </View>
      </RCTScrollView>
    </View>
  </View>,
  ").toJSON();",
]
`;
