// Jest Snapshot v1, https://goo.gl/fbAQLP

exports[`Testing Profile page Should matches snapshot 1`] = `
<View
  style={
    Array [
      Object {
        "backgroundColor": "#184E79",
        "display": "flex",
        "flexBasis": 0,
        "flexGrow": 1,
        "flexShrink": 1,
        "justifyContent": "flex-end",
      },
    ]
  }
>
  <View
    accessible={true}
    focusable={false}
    onClick={[Function]}
    onResponderGrant={[Function]}
    onResponderMove={[Function]}
    onResponderRelease={[Function]}
    onResponderTerminate={[Function]}
    onResponderTerminationRequest={[Function]}
    onStartShouldSetResponder={[Function]}
    style={
      Object {
        "alignItems": "center",
        "flexBasis": 0,
        "flexDirection": "row-reverse",
        "flexGrow": 22,
        "flexShrink": 1,
        "marginLeft": 30,
        "opacity": 1,
      }
    }
  >
    <View
      accessible={true}
      focusable={true}
      onClick={[Function]}
      onResponderGrant={[Function]}
      onResponderMove={[Function]}
      onResponderRelease={[Function]}
      onResponderTerminate={[Function]}
      onResponderTerminationRequest={[Function]}
      onStartShouldSetResponder={[Function]}
      style={
        Object {
          "alignItems": "center",
          "backgroundColor": "#ffffff",
          "borderRadius": 1000,
          "height": 58,
          "justifyContent": "center",
          "marginBottom": 30,
          "marginLeft": 40,
          "opacity": 1,
          "width": 58,
        }
      }
      testID="userAvatar"
    >
      <Image
        source={
          Object {
            "testUri": "../../../src/assets/user_blue.png",
          }
        }
        style={
          Array [
            Object {
              "height": 38,
              "width": 33,
            },
          ]
        }
      />
    </View>
    <View
      style={
        Array [
          Object {
            "marginBottom": 40,
            "marginRight": 35,
          },
        ]
      }
    >
      <Text
        medium={true}
        style={
          Array [
            Object {
              "color": "#ffffff",
              "fontFamily": "Roboto",
              "fontSize": 25,
              "textAlign": "center",
            },
          ]
        }
        white={true}
      >
        
      </Text>
    </View>
  </View>
  <View
    style={
      Array [
        Object {
          "backgroundColor": "#ffffff",
          "borderTopLeftRadius": 20,
          "borderTopRightRadius": 20,
          "display": "flex",
          "flexBasis": 0,
          "flexGrow": 78,
          "flexShrink": 1,
          "justifyContent": "center",
        },
      ]
    }
  >
    <View
      style={
        Array [
          Object {
            "borderColor": "#184E79",
            "borderRadius": 20,
            "borderStyle": "solid",
            "borderWidth": 4,
            "flexBasis": 0,
            "flexGrow": 1,
            "flexShrink": 1,
            "height": 100,
            "justifyContent": "center",
            "left": 0,
            "right": 0,
          },
        ]
      }
    >
      <RCTScrollView
        contentContainerStyle={
          Object {
            "alignItems": "center",
          }
        }
        style={
          Array [
            Object {
              "flexBasis": 0,
              "flexGrow": 1,
              "flexShrink": 1,
              "width": "100%",
            },
          ]
        }
      >
        <View>
          <Text
            black={true}
            medium={true}
            style={
              Array [
                Object {
                  "color": "black",
                  "fontFamily": "Roboto",
                  "fontSize": 25,
                  "textAlign": "center",
                },
              ]
            }
          >
            Nome
          </Text>
          <View
            style={
              Array [
                Object {
                  "alignItems": "center",
                  "backgroundColor": "#184E79",
                  "borderRadius": 9,
                  "height": 50,
                  "justifyContent": "center",
                  "marginTop": 8,
                  "width": 280,
                },
              ]
            }
          >
            <Text
              medium={true}
              style={
                Array [
                  Object {
                    "color": "#ffffff",
                    "fontFamily": "Roboto",
                    "fontSize": 25,
                    "textAlign": "center",
                  },
                ]
              }
              white={true}
            >
              Não informado
            </Text>
          </View>
          <Text
            black={true}
            medium={true}
            style={
              Array [
                Object {
                  "color": "black",
                  "fontFamily": "Roboto",
                  "fontSize": 25,
                  "textAlign": "center",
                },
              ]
            }
          >
            Sobrenome
          </Text>
          <View
            style={
              Array [
                Object {
                  "alignItems": "center",
                  "backgroundColor": "#184E79",
                  "borderRadius": 9,
                  "height": 50,
                  "justifyContent": "center",
                  "marginTop": 8,
                  "width": 280,
                },
              ]
            }
          >
            <Text
              medium={true}
              style={
                Array [
                  Object {
                    "color": "#ffffff",
                    "fontFamily": "Roboto",
                    "fontSize": 25,
                    "textAlign": "center",
                  },
                ]
              }
              white={true}
            >
              Não informado
            </Text>
          </View>
          <Text
            black={true}
            medium={true}
            style={
              Array [
                Object {
                  "color": "black",
                  "fontFamily": "Roboto",
                  "fontSize": 25,
                  "textAlign": "center",
                },
              ]
            }
          >
            Email
          </Text>
          <View
            style={
              Array [
                Object {
                  "alignItems": "center",
                  "backgroundColor": "#184E79",
                  "borderRadius": 9,
                  "height": 50,
                  "justifyContent": "center",
                  "marginTop": 8,
                  "width": 280,
                },
              ]
            }
          >
            <Text
              medium={true}
              style={
                Array [
                  Object {
                    "color": "#ffffff",
                    "fontFamily": "Roboto",
                    "fontSize": 25,
                    "textAlign": "center",
                  },
                ]
              }
              white={true}
            >
              Não informado
            </Text>
          </View>
          <Text
            black={true}
            medium={true}
            style={
              Array [
                Object {
                  "color": "black",
                  "fontFamily": "Roboto",
                  "fontSize": 25,
                  "textAlign": "center",
                },
              ]
            }
          >
            Celular
          </Text>
          <View
            style={
              Array [
                Object {
                  "alignItems": "center",
                  "backgroundColor": "#184E79",
                  "borderRadius": 9,
                  "height": 50,
                  "justifyContent": "center",
                  "marginTop": 8,
                  "width": 280,
                },
              ]
            }
          >
            <Text
              medium={true}
              style={
                Array [
                  Object {
                    "color": "#ffffff",
                    "fontFamily": "Roboto",
                    "fontSize": 25,
                    "textAlign": "center",
                  },
                ]
              }
              white={true}
            >
              Não informado
            </Text>
          </View>
          <Text
            black={true}
            medium={true}
            style={
              Array [
                Object {
                  "color": "black",
                  "fontFamily": "Roboto",
                  "fontSize": 25,
                  "textAlign": "center",
                },
              ]
            }
          >
            CEP
          </Text>
          <View
            style={
              Array [
                Object {
                  "alignItems": "center",
                  "backgroundColor": "#184E79",
                  "borderRadius": 9,
                  "height": 50,
                  "justifyContent": "center",
                  "marginTop": 8,
                  "width": 280,
                },
              ]
            }
          >
            <Text
              medium={true}
              style={
                Array [
                  Object {
                    "color": "#ffffff",
                    "fontFamily": "Roboto",
                    "fontSize": 25,
                    "textAlign": "center",
                  },
                ]
              }
              white={true}
            >
              Não informado
            </Text>
          </View>
          <Text
            black={true}
            medium={true}
            style={
              Array [
                Object {
                  "color": "black",
                  "fontFamily": "Roboto",
                  "fontSize": 25,
                  "textAlign": "center",
                },
              ]
            }
          >
            Número do endereço
          </Text>
          <View
            style={
              Array [
                Object {
                  "alignItems": "center",
                  "backgroundColor": "#184E79",
                  "borderRadius": 9,
                  "height": 50,
                  "justifyContent": "center",
                  "marginTop": 8,
                  "width": 280,
                },
              ]
            }
          >
            <Text
              medium={true}
              style={
                Array [
                  Object {
                    "color": "#ffffff",
                    "fontFamily": "Roboto",
                    "fontSize": 25,
                    "textAlign": "center",
                  },
                ]
              }
              white={true}
            >
              Não informado
            </Text>
          </View>
          <Text
            black={true}
            medium={true}
            style={
              Array [
                Object {
                  "color": "black",
                  "fontFamily": "Roboto",
                  "fontSize": 25,
                  "textAlign": "center",
                },
              ]
            }
          >
            Complemento do endereço
          </Text>
          <View
            style={
              Array [
                Object {
                  "alignItems": "center",
                  "backgroundColor": "#184E79",
                  "borderRadius": 9,
                  "height": 50,
                  "justifyContent": "center",
                  "marginTop": 8,
                  "width": 280,
                },
              ]
            }
          >
            <Text
              medium={true}
              style={
                Array [
                  Object {
                    "color": "#ffffff",
                    "fontFamily": "Roboto",
                    "fontSize": 25,
                    "textAlign": "center",
                  },
                ]
              }
              white={true}
            >
              Não informado
            </Text>
          </View>
          <Text
            black={true}
            medium={true}
            style={
              Array [
                Object {
                  "color": "black",
                  "fontFamily": "Roboto",
                  "fontSize": 25,
                  "textAlign": "center",
                },
              ]
            }
          >
            CPF
          </Text>
          <View
            style={
              Array [
                Object {
                  "alignItems": "center",
                  "backgroundColor": "#184E79",
                  "borderRadius": 9,
                  "height": 50,
                  "justifyContent": "center",
                  "marginTop": 8,
                  "width": 280,
                },
              ]
            }
          >
            <Text
              medium={true}
              style={
                Array [
                  Object {
                    "color": "#ffffff",
                    "fontFamily": "Roboto",
                    "fontSize": 25,
                    "textAlign": "center",
                  },
                ]
              }
              white={true}
            >
              Não informado
            </Text>
          </View>
          <Text
            black={true}
            medium={true}
            style={
              Array [
                Object {
                  "color": "black",
                  "fontFamily": "Roboto",
                  "fontSize": 25,
                  "textAlign": "center",
                },
              ]
            }
          >
            Grau de estudo
          </Text>
          <View
            style={
              Array [
                Object {
                  "alignItems": "center",
                  "backgroundColor": "#184E79",
                  "borderRadius": 9,
                  "height": 50,
                  "justifyContent": "center",
                  "marginTop": 8,
                  "width": 280,
                },
              ]
            }
          >
            <Text
              medium={true}
              style={
                Array [
                  Object {
                    "color": "#ffffff",
                    "fontFamily": "Roboto",
                    "fontSize": 25,
                    "textAlign": "center",
                  },
                ]
              }
              white={true}
            >
              Não informado
            </Text>
          </View>
          <Text
            black={true}
            medium={true}
            style={
              Array [
                Object {
                  "color": "black",
                  "fontFamily": "Roboto",
                  "fontSize": 25,
                  "textAlign": "center",
                },
              ]
            }
          >
            Descrição
          </Text>
          <View
            style={
              Array [
                Object {
                  "alignItems": "center",
                  "backgroundColor": "#184E79",
                  "borderRadius": 9,
                  "height": 50,
                  "justifyContent": "center",
                  "marginTop": 8,
                  "width": 280,
                },
              ]
            }
          >
            <Text
              medium={true}
              style={
                Array [
                  Object {
                    "color": "#ffffff",
                    "fontFamily": "Roboto",
                    "fontSize": 25,
                    "textAlign": "center",
                  },
                ]
              }
              white={true}
            >
              Não informado
            </Text>
          </View>
          <Text
            black={true}
            medium={true}
            style={
              Array [
                Object {
                  "color": "black",
                  "fontFamily": "Roboto",
                  "fontSize": 25,
                  "textAlign": "center",
                },
              ]
            }
          >
            Instituição de estudo
          </Text>
          <View
            style={
              Array [
                Object {
                  "alignItems": "center",
                  "backgroundColor": "#184E79",
                  "borderRadius": 9,
                  "height": 50,
                  "justifyContent": "center",
                  "marginTop": 8,
                  "width": 280,
                },
              ]
            }
          >
            <Text
              medium={true}
              style={
                Array [
                  Object {
                    "color": "#ffffff",
                    "fontFamily": "Roboto",
                    "fontSize": 25,
                    "textAlign": "center",
                  },
                ]
              }
              white={true}
            >
              Não informado
            </Text>
          </View>
        </View>
      </RCTScrollView>
    </View>
    <View
      style={
        Array [
          Object {
            "alignItems": "center",
            "flexBasis": 0,
            "flexDirection": "row",
            "flexGrow": 0.15,
            "flexShrink": 1,
            "justifyContent": "space-around",
          },
        ]
      }
    >
      <View
        accessible={true}
        focusable={true}
        onClick={[Function]}
        onResponderGrant={[Function]}
        onResponderMove={[Function]}
        onResponderRelease={[Function]}
        onResponderTerminate={[Function]}
        onResponderTerminationRequest={[Function]}
        onStartShouldSetResponder={[Function]}
        style={
          Object {
            "alignItems": "center",
            "backgroundColor": "#E46270",
            "borderRadius": 5,
            "height": 50,
            "justifyContent": "center",
            "opacity": 1,
            "width": 140,
          }
        }
        testID="Editar"
      >
        <Text
          bigSmall={true}
          style={
            Array [
              Object {
                "color": "#ffffff",
                "fontFamily": "Roboto",
                "fontSize": 16,
                "textAlign": "center",
              },
            ]
          }
          white={true}
        >
          Editar
        </Text>
      </View>
      <View
        accessible={true}
        focusable={true}
        onClick={[Function]}
        onResponderGrant={[Function]}
        onResponderMove={[Function]}
        onResponderRelease={[Function]}
        onResponderTerminate={[Function]}
        onResponderTerminationRequest={[Function]}
        onStartShouldSetResponder={[Function]}
        style={
          Object {
            "alignItems": "center",
            "backgroundColor": "#E46270",
            "borderRadius": 5,
            "height": 50,
            "justifyContent": "center",
            "opacity": 1,
            "width": 140,
          }
        }
        testID="Sair"
      >
        <Text
          bigSmall={true}
          style={
            Array [
              Object {
                "color": "#ffffff",
                "fontFamily": "Roboto",
                "fontSize": 16,
                "textAlign": "center",
              },
            ]
          }
          white={true}
        >
          Sair
        </Text>
      </View>
    </View>
  </View>
</View>
`;
