// Jest Snapshot v1, https://goo.gl/fbAQLP

exports[`Testing ReportedUsers Should matches snapshot 1`] = `
<View
  style={
    Array [
      Object {
        "backgroundColor": "#184E79",
        "display": "flex",
        "flexBasis": 0,
        "flexGrow": 1,
        "flexShrink": 1,
        "justifyContent": "flex-end",
      },
    ]
  }
>
  <View
    style={
      Array [
        Object {
          "alignItems": "center",
          "flexBasis": 0,
          "flexDirection": "row-reverse",
          "flexGrow": 10,
          "flexShrink": 1,
          "marginLeft": 30,
        },
      ]
    }
  />
  <View
    style={
      Array [
        Object {
          "backgroundColor": "#ffffff",
          "borderTopLeftRadius": 20,
          "borderTopRightRadius": 20,
          "display": "flex",
          "flexBasis": 0,
          "flexGrow": 78,
          "flexShrink": 1,
          "justifyContent": "center",
        },
      ]
    }
  >
    <View
      style={
        Array [
          Object {
            "borderColor": "#184E79",
            "borderRadius": 20,
            "borderStyle": "solid",
            "borderWidth": 4,
            "bottom": "0.5%",
            "flexBasis": 0,
            "flexGrow": 1,
            "flexShrink": 1,
            "justifyContent": "center",
            "left": 0,
            "position": "absolute",
            "right": 0,
            "top": "-5.7%",
          },
        ]
      }
    >
      <RCTScrollView
        data={
          Array [
            Object {
              "User": Object {
                "cellphone": "",
                "email": "",
                "firstName": "",
                "lastName": "",
              },
              "degree": "",
              "description": "",
              "graduation_area": "",
              "institution": "",
              "video": "",
            },
          ]
        }
        disableVirtualization={false}
        getItem={[Function]}
        getItemCount={[Function]}
        horizontal={false}
        initialNumToRender={10}
        keyExtractor={[Function]}
        maxToRenderPerBatch={10}
        onContentSizeChange={[Function]}
        onEndReachedThreshold={2}
        onLayout={[Function]}
        onMomentumScrollEnd={[Function]}
        onScroll={[Function]}
        onScrollBeginDrag={[Function]}
        onScrollEndDrag={[Function]}
        removeClippedSubviews={false}
        renderItem={[Function]}
        scrollEventThrottle={50}
        stickyHeaderIndices={Array []}
        style={
          Array [
            Object {
              "alignSelf": "center",
              "left": "2.8%",
            },
          ]
        }
        updateCellsBatchingPeriod={50}
        viewabilityConfigCallbackPairs={Array []}
        windowSize={21}
      >
        <View>
          <View
            onLayout={[Function]}
            style={null}
          >
            <View
              style={
                Object {
                  "flexDirection": "row",
                }
              }
            >
              <View
                accessible={true}
                focusable={true}
                onClick={[Function]}
                onResponderGrant={[Function]}
                onResponderMove={[Function]}
                onResponderRelease={[Function]}
                onResponderTerminate={[Function]}
                onResponderTerminationRequest={[Function]}
                onStartShouldSetResponder={[Function]}
                style={
                  Object {
                    "alignItems": "center",
                    "backgroundColor": "#D9D9D9",
                    "borderRadius": 10,
                    "height": 95,
                    "marginBottom": 20,
                    "marginRight": 20,
                    "opacity": 1,
                    "width": 152,
                  }
                }
                testID="ContainerTeacher"
              >
                <Image
                  style={
                    Array [
                      Object {
                        "height": 48,
                        "marginTop": 6,
                        "width": 40,
                      },
                    ]
                  }
                />
                <View
                  style={
                    Array [
                      Object {
                        "fontSize": 12,
                        "paddingTop": 3,
                      },
                    ]
                  }
                >
                  <Text
                    black={true}
                    smaller={true}
                    style={
                      Array [
                        Object {
                          "color": "black",
                          "fontFamily": "Roboto",
                          "fontSize": 12,
                          "textAlign": "center",
                        },
                      ]
                    }
                  >
                     
                  </Text>
                </View>
              </View>
            </View>
          </View>
        </View>
      </RCTScrollView>
    </View>
  </View>
</View>
`;
